                                 Started job on |	Mar 06 18:38:42
                             Started mapping on |	Mar 06 18:38:43
                                    Finished on |	Mar 06 18:38:49
       Mapping speed, Million of reads per hour |	14.86

                          Number of input reads |	24775
                      Average input read length |	49
                                    UNIQUE READS:
                   Uniquely mapped reads number |	5638
                        Uniquely mapped reads % |	22.76%
                          Average mapped length |	25.54
                       Number of splices: Total |	920
            Number of splices: Annotated (sjdb) |	375
                       Number of splices: GT/AG |	658
                       Number of splices: GC/AG |	1
                       Number of splices: AT/AC |	3
               Number of splices: Non-canonical |	258
                      Mismatch rate per base, % |	10.67%
                         Deletion rate per base |	0.00%
                        Deletion average length |	1.00
                        Insertion rate per base |	0.00%
                       Insertion average length |	0.00
                             MULTI-MAPPING READS:
        Number of reads mapped to multiple loci |	3982
             % of reads mapped to multiple loci |	16.07%
        Number of reads mapped to too many loci |	5
             % of reads mapped to too many loci |	0.02%
                                  UNMAPPED READS:
       % of reads unmapped: too many mismatches |	0.00%
                 % of reads unmapped: too short |	61.15%
                     % of reads unmapped: other |	0.00%
                                  CHIMERIC READS:
                       Number of chimeric reads |	0
                            % of chimeric reads |	0.00%
