                                 Started job on |	Mar 06 18:38:47
                             Started mapping on |	Mar 06 18:38:49
                                    Finished on |	Mar 06 18:38:59
       Mapping speed, Million of reads per hour |	8.47

                          Number of input reads |	23538
                      Average input read length |	48
                                    UNIQUE READS:
                   Uniquely mapped reads number |	9744
                        Uniquely mapped reads % |	41.40%
                          Average mapped length |	35.76
                       Number of splices: Total |	1708
            Number of splices: Annotated (sjdb) |	527
                       Number of splices: GT/AG |	1484
                       Number of splices: GC/AG |	23
                       Number of splices: AT/AC |	6
               Number of splices: Non-canonical |	195
                      Mismatch rate per base, % |	7.76%
                         Deletion rate per base |	0.01%
                        Deletion average length |	1.81
                        Insertion rate per base |	0.02%
                       Insertion average length |	1.74
                             MULTI-MAPPING READS:
        Number of reads mapped to multiple loci |	9914
             % of reads mapped to multiple loci |	42.12%
        Number of reads mapped to too many loci |	53
             % of reads mapped to too many loci |	0.23%
                                  UNMAPPED READS:
       % of reads unmapped: too many mismatches |	0.00%
                 % of reads unmapped: too short |	16.22%
                     % of reads unmapped: other |	0.04%
                                  CHIMERIC READS:
                       Number of chimeric reads |	0
                            % of chimeric reads |	0.00%
